[2026-05-27 16:43:20] Application Started
[2026-05-27 16:47:28] User Registration: Hamsa
[2026-05-27 16:47:46] User Login: Hamsa
[2026-05-27 16:55:14] File Uploaded: Screenshot 2025-03-13 121640.png
[2026-05-27 16:55:58] User Logout: Hamsa
[2026-05-27 16:57:30] User Login: Hamsa
[2026-05-27 17:01:16] Application Started
[2026-05-27 17:04:30] Application Started
[2026-05-27 19:06:02] Application Started
[2026-05-27 19:11:13] Application Started
[2026-05-27 19:54:18] User Login: Hamsa
[2026-05-28 09:39:03] Application Started - Premium Edition
[2026-05-28 09:39:29] User Login: Hamsa
[2026-05-28 09:40:33] Application Started - Premium Edition
[2026-05-28 09:42:26] Application Started - Premium Edition
[2026-05-28 09:42:49] Failed Login Attempt: Hamsa
[2026-05-28 09:42:52] Failed Login Attempt: Hamsa
[2026-05-28 09:43:33] Failed Login Attempt: Hamsa
[2026-05-28 09:43:41] Failed Login Attempt: Hamsa
[2026-05-28 09:43:46] User Login: Hamsa
[2026-05-28 09:50:13] Application Started - Premium Edition
[2026-05-28 09:52:08] User Login: Hamsa
[2026-05-28 09:52:20] File Uploaded & Encrypted: Screenshot 2025-03-13 121640.png (41.2 KB)
[2026-05-28 09:52:22] Upload Failed: no such column: modified_at
[2026-05-28 09:52:31] File Uploaded & Encrypted: Screenshot 2025-03-13 121640.png (41.2 KB)
[2026-05-28 09:52:33] Upload Failed: no such column: modified_at
