[2026-05-28 11:03:50] Application Started - Premium Edition
[2026-05-28 11:04:10] Failed Login Attempt: Hamsa
[2026-05-28 11:04:19] Failed Login Attempt: Hamsa
[2026-05-28 11:04:27] Failed Login Attempt: Hamsa
[2026-05-28 11:04:31] Failed Login Attempt: Hamsa
[2026-05-28 11:04:41] Failed Login Attempt: Hamsa
[2026-05-28 11:05:07] User Registration: Hamsa
[2026-05-28 11:05:28] User Login: Hamsa
[2026-05-28 11:05:42] File Uploaded: Screenshot 2025-03-13 121640.png
[2026-05-28 11:06:08] File Downloaded: Screenshot 2025-03-13 121640.png.enc
[2026-05-28 11:06:09] Decryption Failed: Screenshot 2025-03-13 121640.png - Corrupted encrypted file
[2026-05-28 11:06:25] File Downloaded: Screenshot 2025-03-13 121640.png.enc
[2026-05-28 11:06:26] Decryption Failed: Screenshot 2025-03-13 121640.png - Corrupted encrypted file
[2026-05-28 11:06:35] Integrity Check: Screenshot 2025-03-13 121640.png - Verification failed: Corrupted encrypted file
[2026-05-28 11:07:15] User Logout: Hamsa
[2026-05-29 20:49:21] Application Started - Premium Edition
[2026-05-29 20:50:20] User Login: Hamsa
[2026-05-29 20:50:23] User Logout: Hamsa
[2026-05-29 20:50:41] User Login: Hamsa
[2026-05-29 20:51:10] File Uploaded: Screenshot 2026-05-24 203427.png
[2026-05-29 20:51:30] File Downloaded: Screenshot 2026-05-24 203427.png.enc
[2026-05-29 20:51:30] Decryption Failed: Screenshot 2026-05-24 203427.png - Corrupted encrypted file
[2026-05-29 20:51:34] Integrity Check: Screenshot 2026-05-24 203427.png - Verification failed: Corrupted encrypted file
[2026-05-29 20:55:31] File Downloaded: Screenshot 2025-03-13 121640.png.enc
[2026-05-29 20:55:32] Decryption Failed: Screenshot 2025-03-13 121640.png - Corrupted encrypted file
